src/components/calendar/CalendarView.tsx(833,13): error TS2769: No overload matches this call.
  Overload 1 of 2, '(props: CalendarProps<CalendarEvent, any>): Calendar<CalendarEvent, any>', gave the following error.
    Type '({ event, children, className, style, ...props }: EventWrapperProps) => Element' is not assignable to type 'ComponentType<EventWrapperProps<CalendarEvent>> | undefined'.
      Type '({ event, children, className, style, ...props }: EventWrapperProps) => Element' is not assignable to type 'FunctionComponent<EventWrapperProps<CalendarEvent>>'.
        Types of parameters '__0' and 'props' are incompatible.
          Property 'children' is missing in type 'EventWrapperProps<CalendarEvent>' but required in type 'EventWrapperProps'.
  Overload 2 of 2, '(props: CalendarProps<CalendarEvent, any>, context: any): Calendar<CalendarEvent, any>', gave the following error.
    Type '({ event, children, className, style, ...props }: EventWrapperProps) => Element' is not assignable to type 'ComponentType<EventWrapperProps<CalendarEvent>> | undefined'.
      Type '({ event, children, className, style, ...props }: EventWrapperProps) => Element' is not assignable to type 'FunctionComponent<EventWrapperProps<CalendarEvent>>'.
        Types of parameters '__0' and 'props' are incompatible.
          Property 'children' is missing in type 'EventWrapperProps<CalendarEvent>' but required in type 'EventWrapperProps'.
